[INFO] Scanning for projects...
[INFO] 
[INFO] -------------------------< com.jeoktoma:race >--------------------------
[INFO] Building race 1.0.0
[INFO] --------------------------------[ jar ]---------------------------------
[WARNING] The artifact mysql:mysql-connector-java:jar:8.0.33 has been relocated to com.mysql:mysql-connector-j:jar:8.0.33: MySQL Connector/J artifacts moved to reverse-DNS compliant Maven 2+ coordinates.
[INFO] 
[INFO] --- maven-resources-plugin:3.2.0:resources (default-resources) @ race ---
[INFO] Using 'UTF-8' encoding to copy filtered resources.
[INFO] Using 'UTF-8' encoding to copy filtered properties files.
[INFO] Copying 1 resource
[INFO] Copying 1 resource
[INFO] 
[INFO] --- maven-compiler-plugin:3.10.1:compile (default-compile) @ race ---
[INFO] Changes detected - recompiling the module!
[INFO] Compiling 6 source files to /home/ec2-user/source/target/classes
[INFO] -------------------------------------------------------------
[ERROR] COMPILATION ERROR : 
[INFO] -------------------------------------------------------------
[ERROR] /home/ec2-user/source/src/main/java/com/jeoktoma/RaceController.java:[20,45] cannot find symbol
  symbol:   method getCurrentStatus(java.lang.String)
  location: variable raceService of type com.jeoktoma.RaceService
[ERROR] /home/ec2-user/source/src/main/java/com/jeoktoma/RaceController.java:[25,20] cannot find symbol
  symbol:   method runHeavyRaceCalculation()
  location: variable raceService of type com.jeoktoma.RaceService
[ERROR] /home/ec2-user/source/src/main/java/com/jeoktoma/RaceController.java:[35,47] incompatible types: java.lang.String cannot be converted to boolean
[ERROR] /home/ec2-user/source/src/main/java/com/jeoktoma/RaceController.java:[41,45] cannot find symbol
  symbol:   method getUser(int)
  location: variable raceService of type com.jeoktoma.RaceService
[INFO] 4 errors 
[INFO] -------------------------------------------------------------
[INFO] ------------------------------------------------------------------------
[INFO] BUILD FAILURE
[INFO] ------------------------------------------------------------------------
[INFO] Total time:  3.011 s
[INFO] Finished at: 2026-01-07T07:50:56Z
[INFO] ------------------------------------------------------------------------
[ERROR] Failed to execute goal org.apache.maven.plugins:maven-compiler-plugin:3.10.1:compile (default-compile) on project race: Compilation failure: Compilation failure: 
[ERROR] /home/ec2-user/source/src/main/java/com/jeoktoma/RaceController.java:[20,45] cannot find symbol
[ERROR]   symbol:   method getCurrentStatus(java.lang.String)
[ERROR]   location: variable raceService of type com.jeoktoma.RaceService
[ERROR] /home/ec2-user/source/src/main/java/com/jeoktoma/RaceController.java:[25,20] cannot find symbol
[ERROR]   symbol:   method runHeavyRaceCalculation()
[ERROR]   location: variable raceService of type com.jeoktoma.RaceService
[ERROR] /home/ec2-user/source/src/main/java/com/jeoktoma/RaceController.java:[35,47] incompatible types: java.lang.String cannot be converted to boolean
[ERROR] /home/ec2-user/source/src/main/java/com/jeoktoma/RaceController.java:[41,45] cannot find symbol
[ERROR]   symbol:   method getUser(int)
[ERROR]   location: variable raceService of type com.jeoktoma.RaceService
[ERROR] -> [Help 1]
[ERROR] 
[ERROR] To see the full stack trace of the errors, re-run Maven with the -e switch.
[ERROR] Re-run Maven using the -X switch to enable full debug logging.
[ERROR] 
[ERROR] For more information about the errors and possible solutions, please read the following articles:
[ERROR] [Help 1] http://cwiki.apache.org/confluence/display/MAVEN/MojoFailureException
